작업 중인 변경이 있어 건너뛴다
작업 중인 변경이 있어 건너뛴다
판번호 cdc4f626
그림 150장 만들어 올림
판번호 ece06493
그림 150장 만들어 올림
작업 중인 변경이 있어 건너뛴다
판번호 cae0bcb4
그림 136장 만들어 올림
빠진 그림 없음
작업 중인 변경이 있어 건너뛴다
작업 중인 변경이 있어 건너뛴다
작업 중인 변경이 있어 건너뛴다
작업 중인 변경이 있어 건너뛴다
작업 중인 변경이 있어 건너뛴다
작업 중인 변경이 있어 건너뛴다
작업 중인 변경이 있어 건너뛴다
작업 중인 변경이 있어 건너뛴다
작업 중인 변경이 있어 건너뛴다
작업 중인 변경이 있어 건너뛴다
작업 중인 변경이 있어 건너뛴다
작업 중인 변경이 있어 건너뛴다
작업 중인 변경이 있어 건너뛴다
빠진 그림 없음
빠진 그림 없음
작업 중인 변경이 있어 건너뛴다
작업 중인 변경이 있어 건너뛴다
작업 중인 변경이 있어 건너뛴다
작업 중인 변경이 있어 건너뛴다
작업 중인 변경이 있어 건너뛴다
빠진 그림 없음
작업 중인 변경이 있어 건너뛴다
작업 중인 변경이 있어 건너뛴다
작업 중인 변경이 있어 건너뛴다
작업 중인 변경이 있어 건너뛴다
작업 중인 변경이 있어 건너뛴다
작업 중인 변경이 있어 건너뛴다
작업 중인 변경이 있어 건너뛴다
작업 중인 변경이 있어 건너뛴다
작업 중인 변경이 있어 건너뛴다
작업 중인 변경이 있어 건너뛴다
작업 중인 변경이 있어 건너뛴다
작업 중인 변경이 있어 건너뛴다
작업 중인 변경이 있어 건너뛴다
작업 중인 변경이 있어 건너뛴다
작업 중인 변경이 있어 건너뛴다
작업 중인 변경이 있어 건너뛴다
작업 중인 변경이 있어 건너뛴다
작업 중인 변경이 있어 건너뛴다
작업 중인 변경이 있어 건너뛴다
작업 중인 변경이 있어 건너뛴다
작업 중인 변경이 있어 건너뛴다
작업 중인 변경이 있어 건너뛴다
작업 중인 변경이 있어 건너뛴다
작업 중인 변경이 있어 건너뛴다
작업 중인 변경이 있어 건너뛴다
빠진 그림 33장 — Draw Things 가 꺼져 있어 다음에
작업 중인 변경이 있어 건너뛴다
판번호 32576d9a
그림 53장 만들어 올림
빠진 그림 없음
작업 중인 변경이 있어 건너뛴다
작업 중인 변경이 있어 건너뛴다
작업 중인 변경이 있어 건너뛴다
작업 중인 변경이 있어 건너뛴다
작업 중인 변경이 있어 건너뛴다
작업 중인 변경이 있어 건너뛴다
작업 중인 변경이 있어 건너뛴다
빠진 그림 없음
작업 중인 변경이 있어 건너뛴다
빠진 그림 없음
작업 중인 변경이 있어 건너뛴다
작업 중인 변경이 있어 건너뛴다
작업 중인 변경이 있어 건너뛴다
작업 중인 변경이 있어 건너뛴다
작업 중인 변경이 있어 건너뛴다
작업 중인 변경이 있어 건너뛴다
작업 중인 변경이 있어 건너뛴다
작업 중인 변경이 있어 건너뛴다
작업 중인 변경이 있어 건너뛴다
작업 중인 변경이 있어 건너뛴다
작업 중인 변경이 있어 건너뛴다
작업 중인 변경이 있어 건너뛴다
작업 중인 변경이 있어 건너뛴다
작업 중인 변경이 있어 건너뛴다
작업 중인 변경이 있어 건너뛴다
작업 중인 변경이 있어 건너뛴다
작업 중인 변경이 있어 건너뛴다
작업 중인 변경이 있어 건너뛴다
작업 중인 변경이 있어 건너뛴다
작업 중인 변경이 있어 건너뛴다
작업 중인 변경이 있어 건너뛴다
판번호 9c046aba
그림 13장 만들어 올림
빠진 그림 없음
빠진 그림 없음
작업 중인 변경이 있어 건너뛴다
작업 중인 변경이 있어 건너뛴다
작업 중인 변경이 있어 건너뛴다
작업 중인 변경이 있어 건너뛴다
